[
  {
    "slug": "considine-christopher",
    "name": "Considine",
    "firstName": "Christopher",
    "age": 18
  },
  {
    "slug": "fay-leona",
    "name": "Fay",
    "firstName": "Leona",
    "age": 13
  },
  {
    "slug": "pollich-harry",
    "name": "Pollich",
    "firstName": "Harry",
    "age": 14
  },
  {
    "slug": "homenick-angel",
    "name": "Homenick",
    "firstName": "Angel",
    "age": 18
  },
  {
    "slug": "hickle-franklin",
    "name": "Hickle",
    "firstName": "Franklin",
    "age": 19
  },
  {
    "slug": "gerlach-isabel",
    "name": "Gerlach",
    "firstName": "Isabel",
    "age": 14
  },
  {
    "slug": "schmidt-ed",
    "name": "Schmidt",
    "firstName": "Ed",
    "age": 18
  },
  {
    "slug": "rodriguez-faith",
    "name": "Rodriguez",
    "firstName": "Faith",
    "age": 19
  },
  {
    "slug": "shanahan-felipe",
    "name": "Shanahan",
    "firstName": "Felipe",
    "age": 17
  },
  {
    "slug": "marks-naomi",
    "name": "Marks",
    "firstName": "Naomi",
    "age": 13
  },
  {
    "slug": "ondricka-ricky",
    "name": "Ondricka",
    "firstName": "Ricky",
    "age": 19
  },
  {
    "slug": "nitzsche-josephine",
    "name": "Nitzsche",
    "firstName": "Josephine",
    "age": 15
  },
  {
    "slug": "cummerata-nathan",
    "name": "Cummerata",
    "firstName": "Nathan",
    "age": 17
  },
  {
    "slug": "goldner-lela",
    "name": "Goldner",
    "firstName": "Lela",
    "age": 16
  },
  {
    "slug": "wuckert-gordon",
    "name": "Wuckert",
    "firstName": "Gordon",
    "age": 12
  },
  {
    "slug": "greenholt-leona",
    "name": "Greenholt",
    "firstName": "Leona",
    "age": 17
  },
  {
    "slug": "thiel-jody",
    "name": "Thiel",
    "firstName": "Jody",
    "age": 19
  },
  {
    "slug": "gulgowski-patricia",
    "name": "Gulgowski",
    "firstName": "Patricia",
    "age": 18
  },
  {
    "slug": "jacobs-wendell",
    "name": "Jacobs",
    "firstName": "Wendell",
    "age": 13
  },
  {
    "slug": "smitham-rita",
    "name": "Smitham",
    "firstName": "Rita",
    "age": 12
  },
  {
    "slug": "feest-frank",
    "name": "Feest",
    "firstName": "Frank",
    "age": 18
  },
  {
    "slug": "streich-anna",
    "name": "Streich",
    "firstName": "Anna",
    "age": 17
  },
  {
    "slug": "gutkowski-clifton",
    "name": "Gutkowski",
    "firstName": "Clifton",
    "age": 17
  },
  {
    "slug": "nolan-sherri",
    "name": "Nolan",
    "firstName": "Sherri",
    "age": 15
  },
  {
    "slug": "botsford-bill",
    "name": "Botsford",
    "firstName": "Bill",
    "age": 14
  },
  {
    "slug": "prohaska-sue",
    "name": "Prohaska",
    "firstName": "Sue",
    "age": 15
  },
  {
    "slug": "hartmann-devin",
    "name": "Hartmann",
    "firstName": "Devin",
    "age": 19
  },
  {
    "slug": "trantow-dawn",
    "name": "Trantow",
    "firstName": "Dawn",
    "age": 19
  },
  {
    "slug": "jenkins-sheldon",
    "name": "Jenkins",
    "firstName": "Sheldon",
    "age": 12
  },
  {
    "slug": "west-angelina",
    "name": "West",
    "firstName": "Angelina",
    "age": 12
  },
  {
    "slug": "rau-steven",
    "name": "Rau",
    "firstName": "Steven",
    "age": 13
  },
  {
    "slug": "daniel-yvonne",
    "name": "Daniel",
    "firstName": "Yvonne",
    "age": 12
  },
  {
    "slug": "russel-victor",
    "name": "Russel",
    "firstName": "Victor",
    "age": 15
  },
  {
    "slug": "beahan-luz",
    "name": "Beahan",
    "firstName": "Luz",
    "age": 18
  },
  {
    "slug": "rice-brian",
    "name": "Rice",
    "firstName": "Brian",
    "age": 18
  },
  {
    "slug": "schmitt-wilma",
    "name": "Schmitt",
    "firstName": "Wilma",
    "age": 17
  },
  {
    "slug": "murazik-toby",
    "name": "Murazik",
    "firstName": "Toby",
    "age": 19
  },
  {
    "slug": "little-miriam",
    "name": "Little",
    "firstName": "Miriam",
    "age": 17
  },
  {
    "slug": "lemke-ignacio",
    "name": "Lemke",
    "firstName": "Ignacio",
    "age": 16
  },
  {
    "slug": "jaskolski-peggy",
    "name": "Jaskolski",
    "firstName": "Peggy",
    "age": 15
  },
  {
    "slug": "macgyver-darin",
    "name": "MacGyver",
    "firstName": "Darin",
    "age": 16
  },
  {
    "slug": "bode-tina",
    "name": "Bode",
    "firstName": "Tina",
    "age": 19
  },
  {
    "slug": "hintz-evan",
    "name": "Hintz",
    "firstName": "Evan",
    "age": 16
  },
  {
    "slug": "denesik-jasmine",
    "name": "Denesik",
    "firstName": "Jasmine",
    "age": 15
  },
  {
    "slug": "jast-sidney",
    "name": "Jast",
    "firstName": "Sidney",
    "age": 13
  },
  {
    "slug": "murazik-teri",
    "name": "Murazik",
    "firstName": "Teri",
    "age": 13
  },
  {
    "slug": "beahan-roger",
    "name": "Beahan",
    "firstName": "Roger",
    "age": 18
  },
  {
    "slug": "orn-joanne",
    "name": "Orn",
    "firstName": "Joanne",
    "age": 18
  },
  {
    "slug": "reilly-darnell",
    "name": "Reilly",
    "firstName": "Darnell",
    "age": 18
  },
  {
    "slug": "larson-gladys",
    "name": "Larson",
    "firstName": "Gladys",
    "age": 13
  },
  {
    "slug": "howe-ervin",
    "name": "Howe",
    "firstName": "Ervin",
    "age": 16
  },
  {
    "slug": "hodkiewicz-beth",
    "name": "Hodkiewicz",
    "firstName": "Beth",
    "age": 12
  },
  {
    "slug": "blanda-moses",
    "name": "Blanda",
    "firstName": "Moses",
    "age": 14
  },
  {
    "slug": "bayer-viola",
    "name": "Bayer",
    "firstName": "Viola",
    "age": 17
  },
  {
    "slug": "hoeger-karl",
    "name": "Hoeger",
    "firstName": "Karl",
    "age": 12
  },
  {
    "slug": "rempel-stacy",
    "name": "Rempel",
    "firstName": "Stacy",
    "age": 13
  },
  {
    "slug": "aufderhar-laurence",
    "name": "Aufderhar",
    "firstName": "Laurence",
    "age": 19
  },
  {
    "slug": "hermiston-stacey",
    "name": "Hermiston",
    "firstName": "Stacey",
    "age": 17
  },
  {
    "slug": "langworth-gerard",
    "name": "Langworth",
    "firstName": "Gerard",
    "age": 12
  },
  {
    "slug": "nader-roxanne",
    "name": "Nader",
    "firstName": "Roxanne",
    "age": 12
  },
  {
    "slug": "murphy-victor",
    "name": "Murphy",
    "firstName": "Victor",
    "age": 19
  },
  {
    "slug": "mraz-rose",
    "name": "Mraz",
    "firstName": "Rose",
    "age": 19
  },
  {
    "slug": "grant-cary",
    "name": "Grant",
    "firstName": "Cary",
    "age": 12
  },
  {
    "slug": "roberts-jessica",
    "name": "Roberts",
    "firstName": "Jessica",
    "age": 16
  },
  {
    "slug": "jakubowski-frederick",
    "name": "Jakubowski",
    "firstName": "Frederick",
    "age": 17
  },
  {
    "slug": "effertz-marcella",
    "name": "Effertz",
    "firstName": "Marcella",
    "age": 13
  },
  {
    "slug": "buckridge-nelson",
    "name": "Buckridge",
    "firstName": "Nelson",
    "age": 13
  },
  {
    "slug": "stehr-natalie",
    "name": "Stehr",
    "firstName": "Natalie",
    "age": 14
  },
  {
    "slug": "sanford-timothy",
    "name": "Sanford",
    "firstName": "Timothy",
    "age": 12
  },
  {
    "slug": "gusikowski-tami",
    "name": "Gusikowski",
    "firstName": "Tami",
    "age": 16
  },
  {
    "slug": "welch-randall",
    "name": "Welch",
    "firstName": "Randall",
    "age": 14
  },
  {
    "slug": "feest-tami",
    "name": "Feest",
    "firstName": "Tami",
    "age": 16
  },
  {
    "slug": "thiel-stewart",
    "name": "Thiel",
    "firstName": "Stewart",
    "age": 12
  },
  {
    "slug": "zemlak-lauren",
    "name": "Zemlak",
    "firstName": "Lauren",
    "age": 19
  },
  {
    "slug": "torphy-shaun",
    "name": "Torphy",
    "firstName": "Shaun",
    "age": 12
  },
  {
    "slug": "homenick-mable",
    "name": "Homenick",
    "firstName": "Mable",
    "age": 13
  },
  {
    "slug": "dietrich-johnathan",
    "name": "Dietrich",
    "firstName": "Johnathan",
    "age": 19
  },
  {
    "slug": "mueller-andrea",
    "name": "Mueller",
    "firstName": "Andrea",
    "age": 18
  },
  {
    "slug": "daniel-ernest",
    "name": "Daniel",
    "firstName": "Ernest",
    "age": 16
  },
  {
    "slug": "hintz-ginger",
    "name": "Hintz",
    "firstName": "Ginger",
    "age": 14
  },
  {
    "slug": "balistreri-ron",
    "name": "Balistreri",
    "firstName": "Ron",
    "age": 15
  },
  {
    "slug": "lockman-esther",
    "name": "Lockman",
    "firstName": "Esther",
    "age": 14
  },
  {
    "slug": "wunsch-ernesto",
    "name": "Wunsch",
    "firstName": "Ernesto",
    "age": 13
  },
  {
    "slug": "gorczany-tracey",
    "name": "Gorczany",
    "firstName": "Tracey",
    "age": 12
  },
  {
    "slug": "stark-lorenzo",
    "name": "Stark",
    "firstName": "Lorenzo",
    "age": 15
  },
  {
    "slug": "becker-stephanie",
    "name": "Becker",
    "firstName": "Stephanie",
    "age": 15
  },
  {
    "slug": "durgan-ralph",
    "name": "Durgan",
    "firstName": "Ralph",
    "age": 15
  },
  {
    "slug": "denesik-jeanette",
    "name": "Denesik",
    "firstName": "Jeanette",
    "age": 19
  },
  {
    "slug": "goldner-tim",
    "name": "Goldner",
    "firstName": "Tim",
    "age": 18
  },
  {
    "slug": "hills-alison",
    "name": "Hills",
    "firstName": "Alison",
    "age": 18
  },
  {
    "slug": "gusikowski-salvador",
    "name": "Gusikowski",
    "firstName": "Salvador",
    "age": 19
  },
  {
    "slug": "sawayn-megan",
    "name": "Sawayn",
    "firstName": "Megan",
    "age": 19
  },
  {
    "slug": "carroll-curtis",
    "name": "Carroll",
    "firstName": "Curtis",
    "age": 13
  },
  {
    "slug": "veum-sabrina",
    "name": "Veum",
    "firstName": "Sabrina",
    "age": 12
  },
  {
    "slug": "olson-elmer",
    "name": "Olson",
    "firstName": "Elmer",
    "age": 16
  },
  {
    "slug": "dicki-belinda",
    "name": "Dicki",
    "firstName": "Belinda",
    "age": 16
  },
  {
    "slug": "connelly-luke",
    "name": "Connelly",
    "firstName": "Luke",
    "age": 12
  },
  {
    "slug": "olson-willie",
    "name": "Olson",
    "firstName": "Willie",
    "age": 19
  },
  {
    "slug": "jerde-joe",
    "name": "Jerde",
    "firstName": "Joe",
    "age": 12
  },
  {
    "slug": "bednar-alice",
    "name": "Bednar",
    "firstName": "Alice",
    "age": 12
  }
]
