{
  "bbdf7566-234b-4b51-a50d-12e5d16258ea": [9, 19, 9, 12, 20, 14, 9, 19, 3, 15],
  "d53ce32f-ca6a-475c-9bb2-0736e16b558c": [
    13, 19, 10, 16, 8, 14, 19, 10, 5, 11
  ],
  "7e5cc890-679f-4510-9dd8-d823f05c2dc3": [10, 3, 1, 2, 18, 13, 18, 19, 18, 1],
  "05f98060-71c8-4bc8-9941-d9e1ff22a709": [19, 4, 12, 13, 15, 5, 3, 19, 17, 0],
  "382f4d43-8e53-47d4-acac-71bafbfe2a2c": [3, 17, 0, 17, 12, 18, 7, 11, 16, 15],
  "f5d26aed-0f48-43d8-89f3-c9f4dcfb7b9d": [1, 15, 19, 16, 20, 6, 14, 10, 13, 0],
  "6138bc99-6599-42c1-a916-fb61d0672284": [11, 6, 20, 10, 7, 13, 13, 12, 5, 1],
  "c3454c44-036b-4b40-ae0d-476dd396304d": [12, 4, 16, 13, 8, 20, 17, 14, 2, 1],
  "4e74a047-70b5-4dde-8caa-d41c62f64e83": [4, 5, 15, 15, 18, 17, 11, 4, 18, 6],
  "4febcf39-0304-4102-8cdf-dce4412f2da9": [20, 3, 7, 14, 5, 3, 2, 11, 14, 15]
}
